// Jest Snapshot v1, https://goo.gl/fbAQLP

exports[`<AuthorOverview /> renders correctly with all required props 1`] = `
<View
  style={
    Object {
      "flex": 1,
    }
  }
>
  <View
    style={
      Object {
        "alignItems": "center",
        "display": "flex",
        "flexDirection": "row",
        "margin": 5,
      }
    }
  >
    <Text
      accessible={true}
      allowFontScaling={true}
      ellipsizeMode="tail"
    />
    <Text
      accessible={true}
      allowFontScaling={true}
      ellipsizeMode="tail"
      style={
        Object {
          "color": "#222",
          "fontSize": 15,
          "marginLeft": 10,
        }
      }
    >
      Formidable
    </Text>
  </View>
  <View
    style={
      Object {
        "alignItems": "center",
        "display": "flex",
        "flexDirection": "row",
        "margin": 5,
      }
    }
  >
    <Text
      accessible={true}
      allowFontScaling={true}
      ellipsizeMode="tail"
    />
    <Text
      accessible={true}
      allowFontScaling={true}
      ellipsizeMode="tail"
      style={
        Object {
          "color": "#222",
          "fontSize": 15,
          "marginLeft": 10,
        }
      }
    >
      https://parkerziegler.com
    </Text>
  </View>
  <View
    style={
      Object {
        "alignItems": "center",
        "display": "flex",
        "flexDirection": "row",
        "margin": 5,
      }
    }
  >
    <Text
      accessible={true}
      allowFontScaling={true}
      ellipsizeMode="tail"
    />
    <Text
      accessible={true}
      allowFontScaling={true}
      ellipsizeMode="tail"
      style={
        Object {
          "color": "#222",
          "fontSize": 15,
          "marginLeft": 10,
        }
      }
    >
      Seattle, WA
    </Text>
  </View>
  <View
    style={
      Object {
        "alignItems": "center",
        "display": "flex",
        "flexDirection": "row",
        "margin": 5,
      }
    }
  >
    <Text
      accessible={true}
      allowFontScaling={true}
      ellipsizeMode="tail"
    />
    <Text
      accessible={true}
      allowFontScaling={true}
      ellipsizeMode="tail"
      style={
        Object {
          "color": "#222",
          "fontSize": 15,
          "marginLeft": 10,
        }
      }
    >
      37 followers
    </Text>
  </View>
  <View
    style={
      Object {
        "alignItems": "center",
        "display": "flex",
        "flexDirection": "row",
        "margin": 5,
      }
    }
  >
    <Text
      accessible={true}
      allowFontScaling={true}
      ellipsizeMode="tail"
    />
    <Text
      accessible={true}
      allowFontScaling={true}
      ellipsizeMode="tail"
      style={
        Object {
          "color": "#222",
          "fontSize": 15,
          "marginLeft": 10,
        }
      }
    >
      22 repositories
    </Text>
  </View>
  <View
    style={
      Object {
        "flex": 1,
        "flexDirection": "row",
      }
    }
  >
    <View
      height={50}
      style={
        Array [
          Object {
            "backgroundColor": "transparent",
            "height": 50,
            "paddingBottom": 10,
            "paddingRight": 10,
            "paddingTop": 10,
            "width": 50,
          },
          undefined,
          Object {
            "margin": 10,
          },
        ]
      }
      width={50}
    >
      <View
        style={
          Array [
            Object {
              "alignItems": "center",
              "alignSelf": "stretch",
              "backgroundColor": "rgba(0,0,0,0.2)",
              "bottom": 0,
              "flex": 1,
              "justifyContent": "center",
              "left": 0,
              "position": "absolute",
              "right": 0,
              "top": 0,
            },
            undefined,
            undefined,
          ]
        }
      >
        <Image
          source={
            Object {
              "uri": undefined,
            }
          }
          style={
            Array [
              Object {
                "height": 50,
                "width": 50,
              },
              undefined,
              undefined,
            ]
          }
        />
      </View>
    </View>
  </View>
</View>
`;
