// Jest Snapshot v1, https://goo.gl/fbAQLP

exports[`<RepositoryOverview /> renders correctly with all required props 1`] = `
ShallowWrapper {
  "length": 1,
  Symbol(enzyme.__root__): [Circular],
  Symbol(enzyme.__unrendered__): <RepositoryOverview
    description="A React Native app for searching Github users."
    handlePress={[MockFunction]}
    name="github-search"
    navigation={
      Object {
        "navigate": [MockFunction],
      }
    }
  />,
  Symbol(enzyme.__renderer__): Object {
    "batchedUpdates": [Function],
    "getNode": [Function],
    "render": [Function],
    "simulateEvent": [Function],
    "unmount": [Function],
  },
  Symbol(enzyme.__node__): Object {
    "instance": null,
    "key": undefined,
    "nodeType": "class",
    "props": Object {
      "children": Array [
        <Button
          backgroundColor="#FFF"
          buttonStyle={
            Object {
              "paddingBottom": 3,
              "paddingLeft": 0,
            }
          }
          color="#222"
          containerViewStyle={
            Object {
              "marginLeft": 0,
              "marginRight": 0,
              "maxWidth": "100%",
            }
          }
          iconRight={
            Object {
              "color": "#222",
              "name": "call-made",
            }
          }
          onPress={[Function]}
          small={true}
          textStyle={
            Array [
              Object {
                "fontFamily": "HelveticaNeue",
                "fontSize": 20,
                "fontWeight": "500",
              },
              Object {
                "color": "#222",
              },
              Object {
                "flexWrap": "wrap",
              },
            ]
          }
          title="github-search"
        />,
        <View
          style={
            Object {
              "alignSelf": "stretch",
              "borderTopColor": "#222",
              "borderTopWidth": 1,
              "paddingTop": 3,
            }
          }
        >
          <Text
            accessible={true}
            allowFontScaling={true}
            ellipsizeMode="tail"
            style={
              Array [
                Object {
                  "color": "#222",
                },
                Object {
                  "flexWrap": "wrap",
                },
              ]
            }
          >
            A React Native app for searching Github users.
          </Text>
        </View>,
      ],
      "style": Object {
        "alignItems": "flex-start",
        "flex": 1,
      },
    },
    "ref": null,
    "rendered": Array [
      Object {
        "instance": null,
        "key": undefined,
        "nodeType": "function",
        "props": Object {
          "backgroundColor": "#FFF",
          "buttonStyle": Object {
            "paddingBottom": 3,
            "paddingLeft": 0,
          },
          "color": "#222",
          "containerViewStyle": Object {
            "marginLeft": 0,
            "marginRight": 0,
            "maxWidth": "100%",
          },
          "iconRight": Object {
            "color": "#222",
            "name": "call-made",
          },
          "onPress": [Function],
          "small": true,
          "textStyle": Array [
            Object {
              "fontFamily": "HelveticaNeue",
              "fontSize": 20,
              "fontWeight": "500",
            },
            Object {
              "color": "#222",
            },
            Object {
              "flexWrap": "wrap",
            },
          ],
          "title": "github-search",
        },
        "ref": null,
        "rendered": null,
        "type": [Function],
      },
      Object {
        "instance": null,
        "key": undefined,
        "nodeType": "class",
        "props": Object {
          "children": <Text
            accessible={true}
            allowFontScaling={true}
            ellipsizeMode="tail"
            style={
              Array [
                Object {
                  "color": "#222",
                },
                Object {
                  "flexWrap": "wrap",
                },
              ]
            }
          >
            A React Native app for searching Github users.
          </Text>,
          "style": Object {
            "alignSelf": "stretch",
            "borderTopColor": "#222",
            "borderTopWidth": 1,
            "paddingTop": 3,
          },
        },
        "ref": null,
        "rendered": Object {
          "instance": null,
          "key": undefined,
          "nodeType": "class",
          "props": Object {
            "accessible": true,
            "allowFontScaling": true,
            "children": "A React Native app for searching Github users.",
            "ellipsizeMode": "tail",
            "style": Array [
              Object {
                "color": "#222",
              },
              Object {
                "flexWrap": "wrap",
              },
            ],
          },
          "ref": null,
          "rendered": "A React Native app for searching Github users.",
          "type": [Function],
        },
        "type": [Function],
      },
    ],
    "type": [Function],
  },
  Symbol(enzyme.__nodes__): Array [
    Object {
      "instance": null,
      "key": undefined,
      "nodeType": "class",
      "props": Object {
        "children": Array [
          <Button
            backgroundColor="#FFF"
            buttonStyle={
              Object {
                "paddingBottom": 3,
                "paddingLeft": 0,
              }
            }
            color="#222"
            containerViewStyle={
              Object {
                "marginLeft": 0,
                "marginRight": 0,
                "maxWidth": "100%",
              }
            }
            iconRight={
              Object {
                "color": "#222",
                "name": "call-made",
              }
            }
            onPress={[Function]}
            small={true}
            textStyle={
              Array [
                Object {
                  "fontFamily": "HelveticaNeue",
                  "fontSize": 20,
                  "fontWeight": "500",
                },
                Object {
                  "color": "#222",
                },
                Object {
                  "flexWrap": "wrap",
                },
              ]
            }
            title="github-search"
          />,
          <View
            style={
              Object {
                "alignSelf": "stretch",
                "borderTopColor": "#222",
                "borderTopWidth": 1,
                "paddingTop": 3,
              }
            }
          >
            <Text
              accessible={true}
              allowFontScaling={true}
              ellipsizeMode="tail"
              style={
                Array [
                  Object {
                    "color": "#222",
                  },
                  Object {
                    "flexWrap": "wrap",
                  },
                ]
              }
            >
              A React Native app for searching Github users.
            </Text>
          </View>,
        ],
        "style": Object {
          "alignItems": "flex-start",
          "flex": 1,
        },
      },
      "ref": null,
      "rendered": Array [
        Object {
          "instance": null,
          "key": undefined,
          "nodeType": "function",
          "props": Object {
            "backgroundColor": "#FFF",
            "buttonStyle": Object {
              "paddingBottom": 3,
              "paddingLeft": 0,
            },
            "color": "#222",
            "containerViewStyle": Object {
              "marginLeft": 0,
              "marginRight": 0,
              "maxWidth": "100%",
            },
            "iconRight": Object {
              "color": "#222",
              "name": "call-made",
            },
            "onPress": [Function],
            "small": true,
            "textStyle": Array [
              Object {
                "fontFamily": "HelveticaNeue",
                "fontSize": 20,
                "fontWeight": "500",
              },
              Object {
                "color": "#222",
              },
              Object {
                "flexWrap": "wrap",
              },
            ],
            "title": "github-search",
          },
          "ref": null,
          "rendered": null,
          "type": [Function],
        },
        Object {
          "instance": null,
          "key": undefined,
          "nodeType": "class",
          "props": Object {
            "children": <Text
              accessible={true}
              allowFontScaling={true}
              ellipsizeMode="tail"
              style={
                Array [
                  Object {
                    "color": "#222",
                  },
                  Object {
                    "flexWrap": "wrap",
                  },
                ]
              }
            >
              A React Native app for searching Github users.
            </Text>,
            "style": Object {
              "alignSelf": "stretch",
              "borderTopColor": "#222",
              "borderTopWidth": 1,
              "paddingTop": 3,
            },
          },
          "ref": null,
          "rendered": Object {
            "instance": null,
            "key": undefined,
            "nodeType": "class",
            "props": Object {
              "accessible": true,
              "allowFontScaling": true,
              "children": "A React Native app for searching Github users.",
              "ellipsizeMode": "tail",
              "style": Array [
                Object {
                  "color": "#222",
                },
                Object {
                  "flexWrap": "wrap",
                },
              ],
            },
            "ref": null,
            "rendered": "A React Native app for searching Github users.",
            "type": [Function],
          },
          "type": [Function],
        },
      ],
      "type": [Function],
    },
  ],
  Symbol(enzyme.__options__): Object {
    "adapter": ReactSixteenAdapter {
      "options": Object {
        "enableComponentDidUpdateOnSetState": true,
      },
    },
  },
}
`;
